\BOOKMARK [0][-]{chapter.1}{\376\377\000U\000n\000i\000t\000\040\000l\000e\000g\000a\000c\000e\000y\000.\000r\000a\000n\000d\000o\000m}{}% 1
\BOOKMARK [1][-]{section.1.1}{\376\377\000D\000e\000s\000c\000r\000i\000p\000t\000i\000o\000n}{chapter.1}% 2
\BOOKMARK [1][-]{section.1.2}{\376\377\000O\000v\000e\000r\000v\000i\000e\000w}{chapter.1}% 3
\BOOKMARK [1][-]{section.1.3}{\376\377\000F\000u\000n\000c\000t\000i\000o\000n\000s\000\040\000a\000n\000d\000\040\000P\000r\000o\000c\000e\000d\000u\000r\000e\000s}{chapter.1}% 4
\BOOKMARK [1][-]{section.1.4}{\376\377\000V\000a\000r\000i\000a\000b\000l\000e\000s}{chapter.1}% 5
\BOOKMARK [0][-]{chapter.2}{\376\377\000U\000n\000i\000t\000\040\000m\000o\000r\000s\000e\000.\000b\000a\000s\000e}{}% 6
\BOOKMARK [1][-]{section.2.1}{\376\377\000D\000e\000s\000c\000r\000i\000p\000t\000i\000o\000n}{chapter.2}% 7
\BOOKMARK [1][-]{section.2.2}{\376\377\000O\000v\000e\000r\000v\000i\000e\000w}{chapter.2}% 8
\BOOKMARK [1][-]{section.2.3}{\376\377\000C\000l\000a\000s\000s\000e\000s\000,\000\040\000I\000n\000t\000e\000r\000f\000a\000c\000e\000s\000,\000\040\000O\000b\000j\000e\000c\000t\000s\000\040\000a\000n\000d\000\040\000R\000e\000c\000o\000r\000d\000s}{chapter.2}% 9
\BOOKMARK [1][-]{section.2.4}{\376\377\000T\000y\000p\000e\000s}{chapter.2}% 10
\BOOKMARK [1][-]{section.2.5}{\376\377\000V\000a\000r\000i\000a\000b\000l\000e\000s}{chapter.2}% 11
\BOOKMARK [0][-]{chapter.3}{\376\377\000U\000n\000i\000t\000\040\000m\000o\000r\000s\000e\000.\000d\000i\000c\000t\000i\000o\000n\000a\000r\000y\000.\000a\000s\000c\000i\000i}{}% 12
\BOOKMARK [1][-]{section.3.1}{\376\377\000D\000e\000s\000c\000r\000i\000p\000t\000i\000o\000n}{chapter.3}% 13
\BOOKMARK [1][-]{section.3.2}{\376\377\000V\000a\000r\000i\000a\000b\000l\000e\000s}{chapter.3}% 14
\BOOKMARK [0][-]{chapter.4}{\376\377\000U\000n\000i\000t\000\040\000m\000o\000r\000s\000e\000.\000d\000i\000c\000t\000i\000o\000n\000a\000r\000y\000.\000u\000t\000i\000l}{}% 15
\BOOKMARK [1][-]{section.4.1}{\376\377\000D\000e\000s\000c\000r\000i\000p\000t\000i\000o\000n}{chapter.4}% 16
\BOOKMARK [1][-]{section.4.2}{\376\377\000V\000a\000r\000i\000a\000b\000l\000e\000s}{chapter.4}% 17
\BOOKMARK [0][-]{chapter.5}{\376\377\000U\000n\000i\000t\000\040\000m\000o\000r\000s\000e\000.\000p\000a\000r\000s\000e\000r\000.\000U\000t\000i\000l}{}% 18
\BOOKMARK [1][-]{section.5.1}{\376\377\000O\000v\000e\000r\000v\000i\000e\000w}{chapter.5}% 19
\BOOKMARK [1][-]{section.5.2}{\376\377\000C\000l\000a\000s\000s\000e\000s\000,\000\040\000I\000n\000t\000e\000r\000f\000a\000c\000e\000s\000,\000\040\000O\000b\000j\000e\000c\000t\000s\000\040\000a\000n\000d\000\040\000R\000e\000c\000o\000r\000d\000s}{chapter.5}% 20
\BOOKMARK [0][-]{chapter.6}{\376\377\000U\000n\000i\000t\000\040\000m\000o\000r\000s\000e\000.\000p\000c\000m\000.\000p\000i\000n\000k\000n\000o\000i\000s\000e}{}% 21
\BOOKMARK [1][-]{section.6.1}{\376\377\000O\000v\000e\000r\000v\000i\000e\000w}{chapter.6}% 22
\BOOKMARK [1][-]{section.6.2}{\376\377\000F\000u\000n\000c\000t\000i\000o\000n\000s\000\040\000a\000n\000d\000\040\000P\000r\000o\000c\000e\000d\000u\000r\000e\000s}{chapter.6}% 23
\BOOKMARK [1][-]{section.6.3}{\376\377\000T\000y\000p\000e\000s}{chapter.6}% 24
\BOOKMARK [0][-]{chapter.7}{\376\377\000U\000n\000i\000t\000\040\000m\000o\000r\000s\000e\000.\000p\000c\000m\000.\000s\000i\000n\000e}{}% 25
\BOOKMARK [1][-]{section.7.1}{\376\377\000O\000v\000e\000r\000v\000i\000e\000w}{chapter.7}% 26
\BOOKMARK [1][-]{section.7.2}{\376\377\000F\000u\000n\000c\000t\000i\000o\000n\000s\000\040\000a\000n\000d\000\040\000P\000r\000o\000c\000e\000d\000u\000r\000e\000s}{chapter.7}% 27
\BOOKMARK [0][-]{chapter.8}{\376\377\000U\000n\000i\000t\000\040\000m\000o\000r\000s\000e\000.\000p\000c\000m\000.\000t\000a\000p\000e\000r}{}% 28
\BOOKMARK [1][-]{section.8.1}{\376\377\000D\000e\000s\000c\000r\000i\000p\000t\000i\000o\000n}{chapter.8}% 29
\BOOKMARK [1][-]{section.8.2}{\376\377\000O\000v\000e\000r\000v\000i\000e\000w}{chapter.8}% 30
\BOOKMARK [1][-]{section.8.3}{\376\377\000F\000u\000n\000c\000t\000i\000o\000n\000s\000\040\000a\000n\000d\000\040\000P\000r\000o\000c\000e\000d\000u\000r\000e\000s}{chapter.8}% 31
\BOOKMARK [0][-]{chapter.9}{\376\377\000U\000n\000i\000t\000\040\000m\000o\000r\000s\000e\000.\000p\000c\000m\000.\000U\000t\000i\000l}{}% 32
\BOOKMARK [1][-]{section.9.1}{\376\377\000O\000v\000e\000r\000v\000i\000e\000w}{chapter.9}% 33
\BOOKMARK [1][-]{section.9.2}{\376\377\000C\000l\000a\000s\000s\000e\000s\000,\000\040\000I\000n\000t\000e\000r\000f\000a\000c\000e\000s\000,\000\040\000O\000b\000j\000e\000c\000t\000s\000\040\000a\000n\000d\000\040\000R\000e\000c\000o\000r\000d\000s}{chapter.9}% 34
\BOOKMARK [1][-]{section.9.3}{\376\377\000T\000y\000p\000e\000s}{chapter.9}% 35
\BOOKMARK [0][-]{chapter.10}{\376\377\000U\000n\000i\000t\000\040\000m\000o\000r\000s\000e\000.\000p\000c\000m\000.\000w\000h\000i\000t\000e\000n\000o\000i\000s\000e}{}% 36
\BOOKMARK [1][-]{section.10.1}{\376\377\000O\000v\000e\000r\000v\000i\000e\000w}{chapter.10}% 37
\BOOKMARK [1][-]{section.10.2}{\376\377\000F\000u\000n\000c\000t\000i\000o\000n\000s\000\040\000a\000n\000d\000\040\000P\000r\000o\000c\000e\000d\000u\000r\000e\000s}{chapter.10}% 38
\BOOKMARK [0][-]{chapter.11}{\376\377\000P\000r\000o\000g\000r\000a\000m\000\040\000t\000e\000s\000t}{}% 39
